// Jest Snapshot v1, https://goo.gl/fbAQLP

exports[`Passes Snapshot 1`] = `
<DocumentFragment>
  <form>
    <label
      for="color"
    >
      Color
    </label>
    <input
      id="color"
      name="color"
      type="color"
      value="#FF0000"
    />
    <label
      for="height"
    >
      Height
    </label>
    <input
      id="height"
      max="200"
      min="20"
      name="height"
      type="range"
      value="100"
    />
    <label
      for="width"
    >
      Width
    </label>
    <input
      id="width"
      max="200"
      min="20"
      name="width"
      type="range"
      value="100"
    />
    <button>
      Add new box!
    </button>
  </form>
</DocumentFragment>
`;
