// Jest Snapshot v1, https://goo.gl/fbAQLP

exports[`Passes Snapshot 1`] = `
<DocumentFragment>
  <form>
    <label
      for="task"
    >
      Task
    </label>
    <input
      id="task"
      name="task"
      type="text"
      value=""
    />
    <button>
      Add new Todo!
    </button>
  </form>
</DocumentFragment>
`;
