// Jest Snapshot v1, https://goo.gl/fbAQLP

exports[`Passes Snapshot 1`] = `
<DocumentFragment>
  <div
    class="Todo"
  >
    <span
      class="Todo-task"
    />
    <button>
      X
    </button>
  </div>
</DocumentFragment>
`;
